Incorrect matrix multiplication
Incorrect matrix assignment
3 5
0  0  0  0  0  
0  0  0  0  0  
0  0  0  0  0  
New m:
3 4
4  8  12  16  
4  8  12  16  
4  8  12  16  
b:
3 3
72  72  72  
72  72  72  
72  72  72  
